Problem:
  Twice derivable function
  Argument's bounds: (1, 5), (1, 5), (1, 5), (1, 5)
  Argument's scales: 1, 1, 1, 1
  Number of constraints: 2
  Constraint 0
      Bounds: (25, inf)
      Scales: 1
      Initial value: [1](25)
      
  Constraint 1
      Bounds: (40, 40)
      Scales: 1
      Initial value: [1](52)
      
  Starting point: [4](1,5,5,1)
  Starting value: [1](12)
  Infinity value (for all functions): inf
A solution has been found: 
Result: 
  Size (input, output): 4, 1
  X: [4](1,4.743,3.82115,1.37941)
  Value: [1](14.5723)
  Constraints values: [2](25,40)
  Lambda: [2](-0.552294,0.161469)
